2026.04.08 17:59:15 INFO  Started: Metals version 1.6.6 in folders '/Users/antonio/Documents/Scala/dep-review-test' for client Zed 0.229.0+stable.206.7c07887d9555953bca7fe78417602114092ef8c8.
2026.04.08 17:59:15 INFO  Memory monitor started
2026.04.08 17:59:15 WARN  Using H2 2.4.240 which is newer than the version Flyway has been verified with. The latest verified version of H2 is 2.3.232.
2026.04.08 17:59:15 INFO  no build target found for /Users/antonio/Documents/Scala/dep-review-test/build.sbt. Using presentation compiler with project's scala-library version: 3.3.7
2026.04.08 17:59:15 INFO  no build target found for /Users/antonio/Documents/Scala/dep-review-test/build.sbt. Using presentation compiler with project's scala-library version: 3.3.7
2026.04.08 17:59:17 INFO  running '/Users/antonio/.sdkman/candidates/sbt/current/bin/sbt -Dbloop.export-jar-classifiers=sources bloopInstall'
2026.04.08 17:59:18 INFO  [info] welcome to sbt 1.10.11 (Homebrew Java 21.0.10)
2026.04.08 17:59:18 INFO  [info] loading settings for project dep-review-test-build-build-build from metals.sbt...
2026.04.08 17:59:20 INFO  [info] loading project definition from /Users/antonio/Documents/Scala/dep-review-test/project/project/project
2026.04.08 17:59:20 INFO  [info] loading settings for project dep-review-test-build-build from metals.sbt...
2026.04.08 17:59:20 INFO  [info] loading project definition from /Users/antonio/Documents/Scala/dep-review-test/project/project
2026.04.08 17:59:21 INFO  [success] Generated .bloop/dep-review-test-build-build.json
2026.04.08 17:59:21 INFO  [success] Total time: 1 s, completed 8 avr. 2026, 17:59:22
2026.04.08 17:59:21 INFO  [info] loading settings for project dep-review-test-build from metals.sbt, plugins.sbt...
2026.04.08 17:59:21 INFO  [info] loading project definition from /Users/antonio/Documents/Scala/dep-review-test/project
2026.04.08 17:59:23 INFO  [success] Generated .bloop/dep-review-test-build.json
2026.04.08 17:59:23 INFO  [success] Total time: 1 s, completed 8 avr. 2026, 17:59:23
2026.04.08 17:59:24 ERROR java.lang.NoSuchMethodError: 'sbt.SettingKey sbt.Keys$.localStaging()'
2026.04.08 17:59:24 ERROR 	at org.typelevel.sbt.TypelevelSonatypePlugin$.projectSettings(TypelevelSonatypePlugin.scala:54)
2026.04.08 17:59:24 ERROR 	at sbt.internal.Load$.$anonfun$resolveProject$3(Load.scala:1052)
2026.04.08 17:59:24 ERROR 	at scala.collection.TraversableLike$WithFilter.$anonfun$flatMap$2(TraversableLike.scala:966)
2026.04.08 17:59:24 ERROR 	at scala.collection.immutable.List.foreach(List.scala:431)
2026.04.08 17:59:24 ERROR 	at scala.collection.TraversableLike$WithFilter.flatMap(TraversableLike.scala:965)
2026.04.08 17:59:24 ERROR 	at sbt.internal.Load$.autoPluginSettings$1(Load.scala:1052)
2026.04.08 17:59:24 ERROR 	at sbt.internal.Load$.expandSettings$1(Load.scala:1071)
2026.04.08 17:59:24 ERROR 	at sbt.internal.Load$.$anonfun$resolveProject$10(Load.scala:1074)
2026.04.08 17:59:24 ERROR 	at scala.collection.IndexedSeqOptimized.foldLeft(IndexedSeqOptimized.scala:60)
2026.04.08 17:59:24 ERROR 	at scala.collection.IndexedSeqOptimized.foldLeft$(IndexedSeqOptimized.scala:68)
2026.04.08 17:59:24 ERROR 	at scala.collection.mutable.WrappedArray.foldLeft(WrappedArray.scala:38)
2026.04.08 17:59:23 INFO  [error] java.lang.NoSuchMethodError: 'sbt.SettingKey sbt.Keys$.localStaging()'
2026.04.08 17:59:24 ERROR 	at sbt.internal.Load$.expandSettings$1(Load.scala:1073)
2026.04.08 17:59:23 INFO  [error] Use 'last' for the full log.
2026.04.08 17:59:24 ERROR 	at sbt.internal.Load$.$anonfun$resolveProject$1(Load.scala:1078)
2026.04.08 17:59:24 ERROR 	at sbt.internal.Load$.timed(Load.scala:1407)
2026.04.08 17:59:24 ERROR 	at sbt.internal.Load$.resolveProject(Load.scala:1040)
2026.04.08 17:59:24 ERROR 	at sbt.internal.Load$.finalizeProject$1(Load.scala:921)
2026.04.08 17:59:24 ERROR 	at sbt.internal.Load$.$anonfun$loadTransitive$13(Load.scala:980)
2026.04.08 17:59:24 ERROR 	at sbt.internal.Load$.timed(Load.scala:1407)
2026.04.08 17:59:24 ERROR 	at sbt.internal.Load$.loadTransitive(Load.scala:980)
2026.04.08 17:59:24 ERROR 	at sbt.internal.Load$.loadProjects$1(Load.scala:739)
2026.04.08 17:59:24 ERROR 	at sbt.internal.Load$.$anonfun$loadUnit$12(Load.scala:742)
2026.04.08 17:59:24 ERROR 	at sbt.internal.Load$.timed(Load.scala:1407)
2026.04.08 17:59:24 ERROR 	at sbt.internal.Load$.$anonfun$loadUnit$1(Load.scala:742)
2026.04.08 17:59:24 ERROR 	at sbt.internal.Load$.timed(Load.scala:1407)
2026.04.08 17:59:24 ERROR 	at sbt.internal.Load$.loadUnit(Load.scala:695)
2026.04.08 17:59:24 ERROR 	at sbt.internal.Load$.$anonfun$builtinLoader$4(Load.scala:493)
2026.04.08 17:59:23 INFO  [warn] Project loading failed: (r)etry, (q)uit, (l)ast, or (i)gnore? (default: r)
2026.04.08 17:59:24 ERROR 	at sbt.internal.BuildLoader$.$anonfun$componentLoader$5(BuildLoader.scala:181)
2026.04.08 17:59:24 ERROR 	at sbt.internal.BuildLoader.apply(BuildLoader.scala:246)
2026.04.08 17:59:24 ERROR 	at sbt.internal.Load$.loadURI$1(Load.scala:555)
2026.04.08 17:59:24 ERROR 	at sbt.internal.Load$.loadAll(Load.scala:571)
2026.04.08 17:59:24 ERROR 	at sbt.internal.Load$.loadURI(Load.scala:501)
2026.04.08 17:59:24 ERROR 	at sbt.internal.Load$.load(Load.scala:480)
2026.04.08 17:59:24 ERROR 	at sbt.internal.Load$.$anonfun$apply$1(Load.scala:242)
2026.04.08 17:59:24 ERROR 	at sbt.internal.Load$.timed(Load.scala:1407)
2026.04.08 17:59:24 ERROR 	at sbt.internal.Load$.apply(Load.scala:242)
2026.04.08 17:59:24 ERROR 	at sbt.internal.Load$.defaultLoad(Load.scala:57)
2026.04.08 17:59:24 ERROR 	at sbt.BuiltinCommands$.liftedTree1$1(Main.scala:964)
2026.04.08 17:59:24 ERROR 	at sbt.BuiltinCommands$.doLoadProject(Main.scala:964)
2026.04.08 17:59:24 ERROR 	at sbt.BuiltinCommands$.$anonfun$loadProjectImpl$2(Main.scala:917)
2026.04.08 17:59:24 ERROR 	at sbt.Command$.$anonfun$applyEffect$4(Command.scala:151)
2026.04.08 17:59:24 ERROR 	at sbt.Command$.$anonfun$applyEffect$2(Command.scala:146)
2026.04.08 17:59:24 ERROR 	at sbt.Command$.process(Command.scala:194)
2026.04.08 17:59:24 ERROR 	at sbt.MainLoop$.$anonfun$processCommand$7(MainLoop.scala:267)
2026.04.08 17:59:24 ERROR 	at scala.Option.getOrElse(Option.scala:189)
2026.04.08 17:59:24 ERROR 	at sbt.MainLoop$.process$1(MainLoop.scala:267)
2026.04.08 17:59:24 ERROR 	at sbt.MainLoop$.processCommand(MainLoop.scala:314)
2026.04.08 17:59:24 ERROR 	at sbt.MainLoop$.$anonfun$next$5(MainLoop.scala:171)
2026.04.08 17:59:24 ERROR 	at sbt.State$StateOpsImpl$.runCmd$1(State.scala:290)
2026.04.08 17:59:24 ERROR 	at sbt.State$StateOpsImpl$.process$extension(State.scala:326)
2026.04.08 17:59:24 ERROR 	at sbt.MainLoop$.$anonfun$next$4(MainLoop.scala:171)
2026.04.08 17:59:24 ERROR 	at sbt.internal.util.ErrorHandling$.wideConvert(ErrorHandling.scala:24)
2026.04.08 17:59:24 ERROR 	at sbt.MainLoop$.next(MainLoop.scala:171)
2026.04.08 17:59:24 ERROR 	at sbt.MainLoop$.run(MainLoop.scala:152)
2026.04.08 17:59:24 ERROR 	at sbt.MainLoop$.$anonfun$runWithNewLog$1(MainLoop.scala:127)
2026.04.08 17:59:24 ERROR 	at sbt.io.Using.apply(Using.scala:41)
2026.04.08 17:59:24 ERROR 	at sbt.MainLoop$.runWithNewLog(MainLoop.scala:120)
2026.04.08 17:59:24 ERROR 	at sbt.MainLoop$.runAndClearLast(MainLoop.scala:74)
2026.04.08 17:59:24 ERROR 	at sbt.MainLoop$.runLoggedLoop(MainLoop.scala:59)
2026.04.08 17:59:24 ERROR 	at sbt.MainLoop$.runLogged(MainLoop.scala:50)
2026.04.08 17:59:24 ERROR 	at sbt.StandardMain$.runManaged(Main.scala:225)
2026.04.08 17:59:24 ERROR 	at sbt.xMain$.$anonfun$run$11(Main.scala:136)
2026.04.08 17:59:24 ERROR 	at scala.util.DynamicVariable.withValue(DynamicVariable.scala:62)
2026.04.08 17:59:24 ERROR 	at scala.Console$.withIn(Console.scala:230)
2026.04.08 17:59:24 ERROR 	at sbt.internal.util.Terminal$.withIn(Terminal.scala:620)
2026.04.08 17:59:24 ERROR 	at sbt.internal.util.Terminal$.$anonfun$withStreams$1(Terminal.scala:400)
2026.04.08 17:59:24 ERROR 	at scala.util.DynamicVariable.withValue(DynamicVariable.scala:62)
2026.04.08 17:59:24 ERROR 	at scala.Console$.withOut(Console.scala:167)
2026.04.08 17:59:24 ERROR 	at sbt.internal.util.Terminal$.$anonfun$withOut$2(Terminal.scala:610)
2026.04.08 17:59:24 ERROR 	at scala.util.DynamicVariable.withValue(DynamicVariable.scala:62)
2026.04.08 17:59:24 ERROR 	at scala.Console$.withErr(Console.scala:196)
2026.04.08 17:59:24 ERROR 	at sbt.internal.util.Terminal$.withOut(Terminal.scala:610)
2026.04.08 17:59:24 ERROR 	at sbt.internal.util.Terminal$.withStreams(Terminal.scala:400)
2026.04.08 17:59:24 ERROR 	at sbt.xMain$.withStreams$1(Main.scala:89)
2026.04.08 17:59:24 ERROR 	at sbt.xMain$.run(Main.scala:124)
2026.04.08 17:59:24 ERROR 	at java.base/jdk.internal.reflect.DirectMethodHandleAccessor.invoke(DirectMethodHandleAccessor.java:103)
2026.04.08 17:59:24 ERROR 	at java.base/java.lang.reflect.Method.invoke(Method.java:580)
2026.04.08 17:59:24 ERROR 	at sbt.internal.XMainConfiguration.run(XMainConfiguration.java:59)
2026.04.08 17:59:24 ERROR 	at sbt.xMain.run(Main.scala:48)
2026.04.08 17:59:24 ERROR 	at xsbt.boot.Launch$.run$$anonfun$1(Launch.scala:132)
2026.04.08 17:59:24 ERROR 	at xsbt.boot.Launch$.withContextLoader(Launch.scala:157)
2026.04.08 17:59:24 ERROR 	at xsbt.boot.Launch$.run(Launch.scala:132)
2026.04.08 17:59:24 ERROR 	at xsbt.boot.Launch$.apply$$anonfun$1(Launch.scala:43)
2026.04.08 17:59:24 ERROR 	at xsbt.boot.Launch$.launch(Launch.scala:142)
2026.04.08 17:59:24 ERROR 	at xsbt.boot.Launch$.apply(Launch.scala:43)
2026.04.08 17:59:24 ERROR 	at xsbt.boot.Launch$.apply(Launch.scala:24)
2026.04.08 17:59:24 ERROR 	at xsbt.boot.Boot$.runImpl(Boot.scala:73)
2026.04.08 17:59:24 ERROR 	at xsbt.boot.Boot$.run(Boot.scala:69)
2026.04.08 17:59:24 ERROR 	at xsbt.boot.Boot$.main(Boot.scala:23)
2026.04.08 17:59:24 ERROR 	at xsbt.boot.Boot.main(Boot.scala)
2026.04.08 17:59:24 INFO  time: ran 'sbt bloopInstall' in 7.21s
2026.04.08 17:59:24 ERROR sbt command failed: /Users/antonio/.sdkman/candidates/sbt/current/bin/sbt -Dbloop.export-jar-classifiers=sources bloopInstall
2026.04.08 17:59:24 INFO  no build target found for /Users/antonio/Documents/Scala/dep-review-test/build.sbt. Using presentation compiler with project's scala-library version: 3.3.7
2026.04.08 17:59:24 WARN  no build target for: /Users/antonio/Documents/Scala/dep-review-test/build.sbt
